
> crm-visitas@0.1.0 build
> next build

Ôû▓ Next.js 16.2.10 (Turbopack)
- Environments: .env

node.exe : ÔÜá The "middleware" file convention is deprecated. Please use "proxy" instead. Learn more: 
https://nextjs.org/docs/messages/middleware-to-proxy
En línea: 1 Carácter: 1
+ & "C:\Program Files\nodejs/node.exe" "C:\Program Files\nodejs/node_mo ...
+ ~~~~~~~~~~~~~~~~~~~~~~~~~~~~~~~~~~~~~~~~~~~~~~~~~~~~~~~~~~~~~~~~~~~~~
    + CategoryInfo          : NotSpecified: (ÔÜá The "middle...leware-to-proxy:String) [], RemoteException
    + FullyQualifiedErrorId : NativeCommandError
 
  Creating an optimized production build ...
Ô£ô Compiled successfully in 43s
  Running TypeScript ...
Failed to type check.

./src/app/visitas-hoy/[zonaName]/VisitasHoyClient.tsx:109:15
Type error: Property 'latitud' does not exist on type 'Empresa'.

  [90m107 |[0m     [36mconst[0m emp = accion.empresa
  [90m108 |[0m     [36mif[0m (accion.tipo === [32m'visita_programada'[0m) {
[31m[1m>[0m [90m109 |[0m       [36mif[0m (emp.latitud && emp.longitud) {
  [90m    |[0m               [31m[1m^[0m
  [90m110 |[0m         
window.open([32m`https://www.google.com/maps/search/?api=1&query=[0m${emp.latitud[32m},[0m${emp...
  [90m111 |[0m       } [36melse[0m {
  [90m112 |[0m         [36mconst[0m addressStr = [emp.direccion, emp.barrio, 
zonaName].filter([33mBoolean[0m).join([32m', '[0m)
Next.js build worker exited with code: 1 and signal: null
